=== Lattigo wire-format reaction attack (Algorithm 1) ===
logN=12  logDelta=30  secret=ternary-p0.333333
N=4096  logQ=285.00000068828734  LogDefaultScale=30  levels=6  logSlots=11
Secret hamming weight = 1374 / 4096
relinearization key in evaluator: true
Step1 verify: coeffs within 2^20 of Delta*s: 4096 / 4096   max dev = 2^3.81
C2S done in 0.07s  ctReal.Level=1 ctImag.Level=1  scale=2^30.00
  C2S slot 0:  real=+0.0000 exp s_0=+0   imag=+0.0000 exp s_2048=+0
  C2S slot 1:  real=+0.0000 exp s_1024=+0   imag=+0.0000 exp s_3072=+0
  C2S slot 2:  real=-1.0000 exp s_512=-1   imag=+1.0000 exp s_2560=+1
  C2S slot 3:  real=-0.0000 exp s_1536=+0   imag=+1.0000 exp s_3584=+1
  C2S slot 4:  real=-1.0000 exp s_256=-1   imag=+0.0000 exp s_2304=+0
  C2S slot 5:  real=-0.0000 exp s_1280=+0   imag=-0.0000 exp s_3328=+0
  C2S verify: 4096 / 4096 slot values within 0.4 of expected
EMPIRICAL_BC2S max_slot_residual=6.943e-06 std_slot_residual=1.036e-06 scale=2^30.00  poly_max=2^12.86  poly_std=2^10.12  paper_bound=2^18

=== Result ===
Recovered (coeff): 4096 / 4096  (100.00%)
Recovered (slot, no perm): 2078 / 4096  (50.73%)
queries=5470  ratio=1.335  attack-wall=36.921927261s
SUMMARY secret=ternary-p0.333333 logn=12 logd=30 N=4096 hw=1374 correct=4096 queries=5470 ratio=1.3354 wall_seconds=36.9219
