=== Lattigo wire-format reaction attack (Algorithm 1) ===
logN=12  logDelta=30  secret=ternary-p0.5
N=4096  logQ=285.00000068828734  LogDefaultScale=30  levels=6  logSlots=11
Secret hamming weight = 2044 / 4096
relinearization key in evaluator: true
Step1 verify: coeffs within 2^20 of Delta*s: 4096 / 4096   max dev = 2^3.58
C2S done in 0.05s  ctReal.Level=1 ctImag.Level=1  scale=2^30.00
  C2S slot 0:  real=+1.0000 exp s_0=+1   imag=-1.0000 exp s_2048=-1
  C2S slot 1:  real=-1.0000 exp s_1024=-1   imag=-0.0000 exp s_3072=+0
  C2S slot 2:  real=-1.0000 exp s_512=-1   imag=-0.0000 exp s_2560=+0
  C2S slot 3:  real=-1.0000 exp s_1536=-1   imag=-0.0000 exp s_3584=+0
  C2S slot 4:  real=+0.0000 exp s_256=+0   imag=+0.0000 exp s_2304=+0
  C2S slot 5:  real=+1.0000 exp s_1280=+1   imag=-1.0000 exp s_3328=-1
  C2S verify: 4096 / 4096 slot values within 0.4 of expected
EMPIRICAL_BC2S max_slot_residual=9.223e-06 std_slot_residual=1.254e-06 scale=2^30.00  poly_max=2^13.27  poly_std=2^10.40  paper_bound=2^18

=== Result ===
Recovered (coeff): 4096 / 4096  (100.00%)
Recovered (slot, no perm): 1674 / 4096  (40.87%)
queries=6140  ratio=1.499  attack-wall=45.067528321s
SUMMARY secret=ternary-p0.5 logn=12 logd=30 N=4096 hw=2044 correct=4096 queries=6140 ratio=1.4990 wall_seconds=45.0675
