=== Lattigo wire-format reaction attack (Algorithm 1) ===
logN=14  logDelta=40  secret=ternary-p0.333333
N=16384  logQ=295.0000000084396  LogDefaultScale=40  levels=6  logSlots=13
Secret hamming weight = 5452 / 16384
relinearization key in evaluator: true
Step1 verify: coeffs within 2^20 of Delta*s: 16384 / 16384   max dev = 2^3.81
C2S done in 0.30s  ctReal.Level=1 ctImag.Level=1  scale=2^40.00
  C2S slot 0:  real=+1.0000 exp s_0=+1   imag=+1.0000 exp s_8192=+1
  C2S slot 1:  real=+0.0000 exp s_4096=+0   imag=-1.0000 exp s_12288=-1
  C2S slot 2:  real=-1.0000 exp s_2048=-1   imag=-0.0000 exp s_10240=+0
  C2S slot 3:  real=+0.0000 exp s_6144=+0   imag=+0.0000 exp s_14336=+0
  C2S slot 4:  real=-0.0000 exp s_1024=+0   imag=-1.0000 exp s_9216=-1
  C2S slot 5:  real=-0.0000 exp s_5120=+0   imag=+0.0000 exp s_13312=+0
  C2S verify: 16384 / 16384 slot values within 0.4 of expected
EMPIRICAL_BC2S max_slot_residual=2.986e-08 std_slot_residual=4.031e-09 scale=2^40.00  poly_max=2^15.00  poly_std=2^12.11  paper_bound=2^18

=== Result ===
Recovered (coeff): 16384 / 16384  (100.00%)
Recovered (slot, no perm): 8428 / 16384  (51.44%)
queries=21836  ratio=1.333  attack-wall=10m11.570709976s
SUMMARY secret=ternary-p0.333333 logn=14 logd=40 N=16384 hw=5452 correct=16384 queries=21836 ratio=1.3328 wall_seconds=611.5707
