=== Lattigo wire-format reaction attack (Algorithm 1) ===
logN=15  logDelta=25  secret=ternary-p0.333333
N=32768  logQ=282.9999229503028  LogDefaultScale=25  levels=6  logSlots=14
Secret hamming weight = 10971 / 32768
relinearization key in evaluator: true
Step1 verify: coeffs within 2^20 of Delta*s: 32768 / 32768   max dev = 2^3.81
C2S done in 0.75s  ctReal.Level=1 ctImag.Level=1  scale=2^25.00
  C2S slot 0:  real=+1.0005 exp s_0=+1   imag=-0.0003 exp s_16384=+0
  C2S slot 1:  real=-0.9998 exp s_8192=-1   imag=-0.9999 exp s_24576=-1
  C2S slot 2:  real=-0.9998 exp s_4096=-1   imag=+0.9999 exp s_20480=+1
  C2S slot 3:  real=+0.9997 exp s_12288=+1   imag=+0.0000 exp s_28672=+0
  C2S slot 4:  real=+0.0002 exp s_2048=+0   imag=+1.0006 exp s_18432=+1
  C2S slot 5:  real=+1.0001 exp s_10240=+1   imag=+1.0000 exp s_26624=+1
  C2S verify: 32768 / 32768 slot values within 0.4 of expected
EMPIRICAL_BC2S max_slot_residual=1.926e-03 std_slot_residual=2.620e-04 scale=2^25.00  poly_max=2^15.98  poly_std=2^13.10  paper_bound=2^18

=== Result ===
Recovered (coeff): 32768 / 32768  (100.00%)
Recovered (slot, no perm): 16614 / 32768  (50.70%)
queries=43739  ratio=1.335  attack-wall=37m58.840744586s
SUMMARY secret=ternary-p0.333333 logn=15 logd=25 N=32768 hw=10971 correct=32768 queries=43739 ratio=1.3348 wall_seconds=2278.8407
