=== Lattigo wire-format reaction attack (Algorithm 1) ===
logN=12  logDelta=30  secret=ternary-h256
N=4096  logQ=285.00000068828734  LogDefaultScale=30  levels=6  logSlots=11
Secret hamming weight = 256 / 4096
relinearization key in evaluator: true
Step1 verify: coeffs within 2^20 of Delta*s: 4096 / 4096   max dev = 2^3.58
C2S done in 0.05s  ctReal.Level=1 ctImag.Level=1  scale=2^30.00
  C2S slot 0:  real=-1.0000 exp s_0=-1   imag=+0.0000 exp s_2048=+0
  C2S slot 1:  real=-0.0000 exp s_1024=+0   imag=-1.0000 exp s_3072=-1
  C2S slot 2:  real=-0.0000 exp s_512=+0   imag=-0.0000 exp s_2560=+0
  C2S slot 3:  real=-0.0000 exp s_1536=+0   imag=+0.0000 exp s_3584=+0
  C2S slot 4:  real=+0.0000 exp s_256=+0   imag=-0.0000 exp s_2304=+0
  C2S slot 5:  real=-0.0000 exp s_1280=+0   imag=-0.0000 exp s_3328=+0
  C2S verify: 4096 / 4096 slot values within 0.4 of expected
EMPIRICAL_BC2S max_slot_residual=3.113e-06 std_slot_residual=4.387e-07 scale=2^30.00  poly_max=2^11.71  poly_std=2^8.88  paper_bound=2^18

=== Result ===
Recovered (coeff): 4096 / 4096  (100.00%)
Recovered (slot, no perm): 3628 / 4096  (88.57%)
queries=4352  ratio=1.062  attack-wall=29.488415709s
SUMMARY secret=ternary-h256 logn=12 logd=30 N=4096 hw=256 correct=4096 queries=4352 ratio=1.0625 wall_seconds=29.4884
