=== Lattigo wire-format reaction attack (Algorithm 1) ===
logN=12  logDelta=32  secret=ternary-p0.333333
N=4096  logQ=287.00000060226455  LogDefaultScale=32  levels=6  logSlots=11
Secret hamming weight = 1366 / 4096
relinearization key in evaluator: true
Step1 verify: coeffs within 2^20 of Delta*s: 4096 / 4096   max dev = 2^3.58
C2S done in 0.08s  ctReal.Level=1 ctImag.Level=1  scale=2^32.00
  C2S slot 0:  real=-0.0000 exp s_0=+0   imag=-0.0000 exp s_2048=+0
  C2S slot 1:  real=+0.0000 exp s_1024=+0   imag=+0.0000 exp s_3072=+0
  C2S slot 2:  real=-1.0000 exp s_512=-1   imag=+0.0000 exp s_2560=+0
  C2S slot 3:  real=+0.0000 exp s_1536=+0   imag=+1.0000 exp s_3584=+1
  C2S slot 4:  real=+1.0000 exp s_256=+1   imag=-0.0000 exp s_2304=+0
  C2S slot 5:  real=+0.0000 exp s_1280=+0   imag=-1.0000 exp s_3328=-1
  C2S verify: 4096 / 4096 slot values within 0.4 of expected
EMPIRICAL_BC2S max_slot_residual=1.432e-06 std_slot_residual=2.571e-07 scale=2^32.00  poly_max=2^12.59  poly_std=2^10.11  paper_bound=2^18

=== Result ===
Recovered (coeff): 4096 / 4096  (100.00%)
Recovered (slot, no perm): 2100 / 4096  (51.27%)
queries=5462  ratio=1.333  attack-wall=37.904989071s
SUMMARY secret=ternary-p0.333333 logn=12 logd=32 N=4096 hw=1366 correct=4096 queries=5462 ratio=1.3335 wall_seconds=37.9050
