=== Lattigo wire-format reaction attack (Algorithm 1) ===
logN=14  logDelta=40  secret=ternary-h256
N=16384  logQ=295.0000000084396  LogDefaultScale=40  levels=6  logSlots=13
Secret hamming weight = 256 / 16384
relinearization key in evaluator: true
Step1 verify: coeffs within 2^20 of Delta*s: 16384 / 16384   max dev = 2^3.81
C2S done in 0.24s  ctReal.Level=1 ctImag.Level=1  scale=2^40.00
  C2S slot 0:  real=+0.0000 exp s_0=+0   imag=+0.0000 exp s_8192=+0
  C2S slot 1:  real=-0.0000 exp s_4096=+0   imag=-0.0000 exp s_12288=+0
  C2S slot 2:  real=-0.0000 exp s_2048=+0   imag=+0.0000 exp s_10240=+0
  C2S slot 3:  real=-0.0000 exp s_6144=+0   imag=+0.0000 exp s_14336=+0
  C2S slot 4:  real=+0.0000 exp s_1024=+0   imag=+0.0000 exp s_9216=+0
  C2S slot 5:  real=-0.0000 exp s_5120=+0   imag=+0.0000 exp s_13312=+0
  C2S verify: 16384 / 16384 slot values within 0.4 of expected
EMPIRICAL_BC2S max_slot_residual=5.427e-09 std_slot_residual=8.701e-10 scale=2^40.00  poly_max=2^12.54  poly_std=2^9.90  paper_bound=2^18

=== Result ===
Recovered (coeff): 16384 / 16384  (100.00%)
Recovered (slot, no perm): 15888 / 16384  (96.97%)
queries=16640  ratio=1.016  attack-wall=6m45.649239243s
SUMMARY secret=ternary-h256 logn=14 logd=40 N=16384 hw=256 correct=16384 queries=16640 ratio=1.0156 wall_seconds=405.6492
