=== Lattigo wire-format reaction attack (Algorithm 1) ===
logN=14  logDelta=40  secret=ternary-p0.5
N=16384  logQ=295.0000000084396  LogDefaultScale=40  levels=6  logSlots=13
Secret hamming weight = 8051 / 16384
relinearization key in evaluator: true
Step1 verify: coeffs within 2^20 of Delta*s: 16384 / 16384   max dev = 2^3.81
C2S done in 0.24s  ctReal.Level=1 ctImag.Level=1  scale=2^40.00
  C2S slot 0:  real=+0.0000 exp s_0=+0   imag=-1.0000 exp s_8192=-1
  C2S slot 1:  real=+1.0000 exp s_4096=+1   imag=+1.0000 exp s_12288=+1
  C2S slot 2:  real=-0.0000 exp s_2048=+0   imag=+1.0000 exp s_10240=+1
  C2S slot 3:  real=-0.0000 exp s_6144=+0   imag=-1.0000 exp s_14336=-1
  C2S slot 4:  real=+1.0000 exp s_1024=+1   imag=+1.0000 exp s_9216=+1
  C2S slot 5:  real=-1.0000 exp s_5120=-1   imag=-1.0000 exp s_13312=-1
  C2S verify: 16384 / 16384 slot values within 0.4 of expected
EMPIRICAL_BC2S max_slot_residual=3.256e-08 std_slot_residual=4.927e-09 scale=2^40.00  poly_max=2^15.13  poly_std=2^12.40  paper_bound=2^18

=== Result ===
Recovered (coeff): 16384 / 16384  (100.00%)
Recovered (slot, no perm): 6280 / 16384  (38.33%)
queries=24435  ratio=1.491  attack-wall=11m33.829746046s
SUMMARY secret=ternary-p0.5 logn=14 logd=40 N=16384 hw=8051 correct=16384 queries=24435 ratio=1.4914 wall_seconds=693.8297
