=== Lattigo wire-format reaction attack (Algorithm 1) ===
logN=14  logDelta=40  secret=ternary-h192
N=16384  logQ=295.0000000084396  LogDefaultScale=40  levels=6  logSlots=13
Secret hamming weight = 192 / 16384
relinearization key in evaluator: true
Step1 verify: coeffs within 2^20 of Delta*s: 16384 / 16384   max dev = 2^4.00
C2S done in 0.37s  ctReal.Level=1 ctImag.Level=1  scale=2^40.00
  C2S slot 0:  real=+0.0000 exp s_0=+0   imag=-0.0000 exp s_8192=+0
  C2S slot 1:  real=+0.0000 exp s_4096=+0   imag=+0.0000 exp s_12288=+0
  C2S slot 2:  real=+0.0000 exp s_2048=+0   imag=+0.0000 exp s_10240=+0
  C2S slot 3:  real=+0.0000 exp s_6144=+0   imag=+0.0000 exp s_14336=+0
  C2S slot 4:  real=+0.0000 exp s_1024=+0   imag=+0.0000 exp s_9216=+0
  C2S slot 5:  real=-0.0000 exp s_5120=+0   imag=-0.0000 exp s_13312=+0
  C2S verify: 16384 / 16384 slot values within 0.4 of expected
EMPIRICAL_BC2S max_slot_residual=5.057e-09 std_slot_residual=7.506e-10 scale=2^40.00  poly_max=2^12.44  poly_std=2^9.69  paper_bound=2^18

=== Result ===
Recovered (coeff): 16384 / 16384  (100.00%)
Recovered (slot, no perm): 16014 / 16384  (97.74%)
queries=16576  ratio=1.012  attack-wall=6m34.633015167s
SUMMARY secret=ternary-h192 logn=14 logd=40 N=16384 hw=192 correct=16384 queries=16576 ratio=1.0117 wall_seconds=394.6330
