=== Lattigo wire-format reaction attack (Algorithm 1) ===
logN=14  logDelta=40  secret=gaussian-s3.2
N=16384  logQ=295.0000000084396  LogDefaultScale=40  levels=6  logSlots=13
Secret hamming weight = 14326 / 16384
relinearization key in evaluator: true
Step1 verify: coeffs within 2^20 of Delta*s: 16384 / 16384   max dev = 2^3.91
C2S done in 0.24s  ctReal.Level=1 ctImag.Level=1  scale=2^40.00
  C2S slot 0:  real=-4.0000 exp s_0=-4   imag=-0.0000 exp s_8192=+0
  C2S slot 1:  real=+2.0000 exp s_4096=+2   imag=-1.0000 exp s_12288=-1
  C2S slot 2:  real=+1.0000 exp s_2048=+1   imag=+10.0000 exp s_10240=+10
  C2S slot 3:  real=-3.0000 exp s_6144=-3   imag=-0.0000 exp s_14336=+0
  C2S slot 4:  real=-3.0000 exp s_1024=-3   imag=+1.0000 exp s_9216=+1
  C2S slot 5:  real=+2.0000 exp s_5120=+2   imag=-9.0000 exp s_13312=-9
  C2S verify: 16384 / 16384 slot values within 0.4 of expected
EMPIRICAL_BC2S max_slot_residual=1.323e-07 std_slot_residual=2.246e-08 scale=2^40.00  poly_max=2^17.15  poly_std=2^14.59  paper_bound=2^18

=== Result ===
Recovered (coeff): 16384 / 16384  (100.00%)
Recovered (slot, no perm): 1686 / 16384  (10.29%)
queries=88454  ratio=5.399  attack-wall=49m2.531857749s
SUMMARY secret=gaussian-s3.2 logn=14 logd=40 N=16384 hw=14326 correct=16384 queries=88454 ratio=5.3988 wall_seconds=2942.5319
