sign-LWE hardness: n=h, Xs=Uniform(-1,1) ternary, Xe=DG(3.2); key-target moduli log q in {35 (q0), 285 (pk), 407 (rotk)}, m=4096 (conservative: smallest q and smallest m -> security upper bound)
bkw                  :: rop: ≈2^580.5, m: ≈2^572.3, mem: ≈2^573.3, b: 2, t1: 0, t2: 10, ℓ: 1, #cod: 30, #top: 0, #test: 2, tag: coded-bkw
usvp                 :: rop: ≈2^33.1, red: ≈2^33.1, δ: 1.012950, β: 40, d: 41, tag: usvp
bdd                  :: rop: ≈2^33.1, red: ≈2^33.1, svp: ≈2^21.1, β: 40, η: 1, d: 40, tag: bdd
bdd_mitm_hybrid      :: rop: ≈2^39.8, red: ≈2^39.5, svp: ≈2^37.6, β: 40, η: 2, ζ: 31, |S|: ≈2^47.4, d: 124, prob: 1, ↻: 1, tag: hybrid
dual                 :: rop: ≈2^42.5, mem: 41, m: 667, β: 40, d: 699, ↻: 1, tag: dual
dual_hybrid          :: rop: ≈2^37.5, red: ≈2^37.5, guess: ≈2^31.7, β: 54, p: 3, ζ: 0, t: 10, β': 41, N: 133.587, m: 32
SIGN_LWE pk        h=32 logq=285 m=4096 min_bits=33.1 best_attack=usvp all={'arora-gb': inf, 'bkw': 580.5, 'usvp': 33.1, 'bdd': 33.1, 'bdd_hybrid': 42.2, 'bdd_mitm_hybrid': 39.8, 'dual': 42.5, 'dual_hybrid': 37.5} (3s)
bkw                  :: rop: ≈2^582.7, m: ≈2^573.4, mem: ≈2^574.4, b: 2, t1: 0, t2: 21, ℓ: 1, #cod: 63, #top: 0, #test: 2, tag: coded-bkw
usvp                 :: rop: ≈2^40.4, red: ≈2^40.4, δ: 1.011142, β: 65, d: 66, tag: usvp
bdd                  :: rop: ≈2^37.7, red: ≈2^37.7, svp: ≈2^21.1, β: 40, η: 1, d: 65, tag: bdd
bdd_mitm_hybrid      :: rop: ≈2^42.7, red: ≈2^42.7, svp: ≈2^35.2, β: 40, η: 2, ζ: 20, |S|: ≈2^31.7, d: 820, prob: 0.993, ↻: 1, tag: hybrid
dual                 :: rop: ≈2^43.0, mem: 41, m: 924, β: 40, d: 988, ↻: 1, tag: dual
dual_hybrid          :: rop: ≈2^40.4, red: ≈2^40.4, guess: ≈2^25.3, β: 40, p: 2, ζ: 0, t: 10, β': 56, N: 1834.443, m: 64
SIGN_LWE pk        h=64 logq=285 m=4096 min_bits=37.7 best_attack=bdd all={'arora-gb': inf, 'bkw': 582.7, 'usvp': 40.4, 'bdd': 37.7, 'bdd_hybrid': 42.9, 'bdd_mitm_hybrid': 42.7, 'dual': 43.0, 'dual_hybrid': 40.4} (6s)
bkw                  :: rop: ≈2^585.4, m: ≈2^574.4, mem: ≈2^575.4, b: 2, t1: 0, t2: 42, ℓ: 1, #cod: 126, #top: 0, #test: 2, tag: coded-bkw
usvp                 :: rop: ≈2^39.6, red: ≈2^39.6, δ: 1.012950, β: 40, d: 131, tag: usvp
bdd                  :: rop: ≈2^39.6, red: ≈2^39.6, svp: ≈2^21.1, β: 40, η: 1, d: 131, tag: bdd
bdd_mitm_hybrid      :: rop: ≈2^43.4, red: ≈2^43.4, svp: ≈2^34.2, β: 40, η: 2, ζ: 17, |S|: ≈2^26.9, d: 1301, prob: 0.994, ↻: 1, tag: hybrid
dual                 :: rop: ≈2^43.5, mem: 41, m: 1270, β: 40, d: 1398, ↻: 1, tag: dual
dual_hybrid          :: rop: ≈2^41.8, red: ≈2^41.8, guess: ≈2^25.3, β: 40, p: 2, ζ: 0, t: 10, β': 61, N: 1834.443, m: 128
SIGN_LWE pk        h=128 logq=285 m=4096 min_bits=39.6 best_attack=usvp all={'arora-gb': inf, 'bkw': 585.4, 'usvp': 39.6, 'bdd': 39.6, 'bdd_hybrid': 43.5, 'bdd_mitm_hybrid': 43.4, 'dual': 43.5, 'dual_hybrid': 41.8} (6s)
bkw                  :: rop: ≈2^587.2, m: ≈2^575.0, mem: ≈2^576.0, b: 2, t1: 0, t2: 64, ℓ: 1, #cod: 192, #top: 0, #test: 2, tag: coded-bkw
usvp                 :: rop: ≈2^40.4, red: ≈2^40.4, δ: 1.012950, β: 40, d: 197, tag: usvp
bdd                  :: rop: ≈2^40.4, red: ≈2^40.4, svp: ≈2^21.1, β: 40, η: 1, d: 197, tag: bdd
dual                 :: rop: ≈2^43.8, mem: 41, m: 1519, β: 40, d: 1711, ↻: 1, tag: dual
dual_hybrid          :: rop: ≈2^42.5, red: ≈2^42.5, guess: ≈2^25.3, β: 40, p: 2, ζ: 0, t: 10, β': 63, N: 1834.443, m: 192
SIGN_LWE pk        h=192 logq=285 m=4096 min_bits=40.4 best_attack=usvp all={'arora-gb': inf, 'bkw': 587.2, 'usvp': 40.4, 'bdd': 40.4, 'bdd_hybrid': 43.8, 'bdd_mitm_hybrid': 43.8, 'dual': 43.8, 'dual_hybrid': 42.5} (9s)
bkw                  :: rop: ≈2^584.2, m: ≈2^573.1, mem: ≈2^574.1, b: 2, t1: 0, t2: 17, ℓ: 1, #cod: 260, #top: 0, #test: 9, tag: coded-bkw
usvp                 :: rop: ≈2^40.9, red: ≈2^40.9, δ: 1.012950, β: 40, d: 263, tag: usvp
bdd                  :: rop: ≈2^40.9, red: ≈2^40.9, svp: ≈2^21.1, β: 40, η: 1, d: 263, tag: bdd
bdd_mitm_hybrid      :: rop: ≈2^44.0, red: ≈2^44.0, svp: ≈2^32.9, β: 40, η: 2, ζ: 14, |S|: ≈2^22.2, d: 1921, prob: 0.997, ↻: 1, tag: hybrid
dual                 :: rop: ≈2^44.0, mem: 41, m: 1720, β: 40, d: 1976, ↻: 1, tag: dual
dual_hybrid          :: rop: ≈2^43.0, red: ≈2^43.0, guess: ≈2^25.3, β: 40, p: 2, ζ: 0, t: 10, β': 65, N: 1834.443, m: 256
SIGN_LWE pk        h=256 logq=285 m=4096 min_bits=40.9 best_attack=usvp all={'arora-gb': inf, 'bkw': 584.2, 'usvp': 40.9, 'bdd': 40.9, 'bdd_hybrid': 44.0, 'bdd_mitm_hybrid': 44.0, 'dual': 44.0, 'dual_hybrid': 43.0} (8s)
bkw                  :: rop: ≈2^589.5, m: ≈2^575.5, mem: ≈2^576.5, b: 2, t1: 0, t2: 89, ℓ: 1, #cod: 508, #top: 0, #test: 4, tag: coded-bkw
usvp                 :: rop: ≈2^42.0, red: ≈2^42.0, δ: 1.012950, β: 40, d: 534, tag: usvp
bdd                  :: rop: ≈2^42.0, red: ≈2^42.0, svp: ≈2^20.8, β: 40, η: 2, d: 535, tag: bdd
bdd_mitm_hybrid      :: rop: ≈2^44.5, red: ≈2^44.5, svp: ≈2^36.3, β: 40, η: 2, ζ: 17, |S|: ≈2^26.9, d: 2748, prob: 0.991, ↻: 1, tag: hybrid
dual                 :: rop: ≈2^44.5, mem: 41, m: ≈2^11.2, β: 40, d: 2795, ↻: 1, tag: dual
dual_hybrid          :: rop: ≈2^44.0, red: ≈2^44.0, guess: ≈2^25.3, β: 40, p: 2, ζ: 0, t: 10, β': 68, N: 1834.443, m: 512
SIGN_LWE pk        h=512 logq=285 m=4096 min_bits=42.0 best_attack=usvp all={'arora-gb': inf, 'bkw': 589.5, 'usvp': 42.0, 'bdd': 42.0, 'bdd_hybrid': 44.5, 'bdd_mitm_hybrid': 44.5, 'dual': 44.5, 'dual_hybrid': 44.0} (33s)
bkw                  :: rop: ≈2^592.7, m: ≈2^576.8, mem: ≈2^577.8, b: 2, t1: 31, t2: 190, ℓ: 1, #cod: 703, #top: 0, #test: 3, tag: coded-bkw
usvp                 :: rop: ≈2^42.7, red: ≈2^42.7, δ: 1.012950, β: 40, d: 816, tag: usvp
bdd                  :: rop: ≈2^42.7, red: ≈2^42.7, svp: ≈2^21.5, β: 40, η: 1, d: 819, tag: bdd
bdd_mitm_hybrid      :: rop: ≈2^44.8, red: ≈2^44.8, svp: ≈2^34.5, β: 40, η: 2, ζ: 14, |S|: ≈2^22.2, d: 3391, prob: 0.997, ↻: 1, tag: hybrid
dual                 :: rop: ≈2^44.8, mem: 41, m: ≈2^11.4, β: 40, d: 3422, ↻: 1, tag: dual
dual_hybrid          :: rop: ≈2^44.6, red: ≈2^44.6, guess: ≈2^25.3, β: 40, p: 2, ζ: 0, t: 10, β': 70, N: 1834.443, m: 768
SIGN_LWE pk        h=768 logq=285 m=4096 min_bits=42.7 best_attack=usvp all={'arora-gb': inf, 'bkw': 592.7, 'usvp': 42.7, 'bdd': 42.7, 'bdd_hybrid': 44.8, 'bdd_mitm_hybrid': 44.8, 'dual': 44.8, 'dual_hybrid': 44.6} (70s)
bkw                  :: rop: ≈2^592.2, m: ≈2^576.3, mem: ≈2^577.3, b: 2, t1: 0, t2: 155, ℓ: 1, #cod: 1020, #top: 0, #test: 6, tag: coded-bkw
usvp                 :: rop: ≈2^43.2, red: ≈2^43.2, δ: 1.012950, β: 40, d: 1110, tag: usvp
bdd                  :: rop: ≈2^43.2, red: ≈2^43.2, svp: ≈2^21.7, β: 40, η: 1, d: 1115, tag: bdd
bdd_mitm_hybrid      :: rop: ≈2^45.0, red: ≈2^45.0, svp: ≈2^35.0, β: 40, η: 2, ζ: 14, |S|: ≈2^22.2, d: 3925, prob: 0.997, ↻: 1, tag: hybrid
dual                 :: rop: ≈2^45.0, mem: 41, m: ≈2^11.5, β: 40, d: 3952, ↻: 1, tag: dual
dual_hybrid          :: rop: ≈2^45.1, red: ≈2^45.1, guess: ≈2^25.3, β: 40, p: 2, ζ: 0, t: 10, β': 72, N: 1834.443, m: 1024
SIGN_LWE pk        h=1024 logq=285 m=4096 min_bits=43.2 best_attack=usvp all={'arora-gb': inf, 'bkw': 592.2, 'usvp': 43.2, 'bdd': 43.2, 'bdd_hybrid': 45.0, 'bdd_mitm_hybrid': 45.0, 'dual': 45.0, 'dual_hybrid': 45.1} (143s)
Algorithm <estimator.lwe_bkw.CodedBKW object at 0x16f82cec0> on LWEParameters(n=32, q=330527984395124299475957654016385519914202341482140609642324397637202895618155672912594605219857642423795606012511679152128, Xs=D(σ=0.82), Xe=D(σ=3.20), m=4096, tag=None) failed with cannot convert float infinity to integer
usvp                 :: rop: ≈2^33.1, red: ≈2^33.1, δ: 1.012950, β: 40, d: 41, tag: usvp
bdd                  :: rop: ≈2^33.1, red: ≈2^33.1, svp: ≈2^21.1, β: 40, η: 1, d: 40, tag: bdd
bdd_mitm_hybrid      :: rop: ≈2^40.2, red: ≈2^39.8, svp: ≈2^38.1, β: 40, η: 2, ζ: 31, |S|: ≈2^47.4, d: 148, prob: 1, ↻: 1, tag: hybrid
dual                 :: rop: ≈2^42.7, mem: 41, m: 804, β: 40, d: 836, ↻: 1, tag: dual
dual_hybrid          :: rop: ≈2^37.5, red: ≈2^37.5, guess: ≈2^31.7, β: 54, p: 3, ζ: 0, t: 10, β': 41, N: 133.587, m: 32
SIGN_LWE rotk      h=32 logq=407 m=4096 min_bits=33.1 best_attack=usvp all={'arora-gb': inf, 'usvp': 33.1, 'bdd': 33.1, 'bdd_hybrid': 42.5, 'bdd_mitm_hybrid': 40.2, 'dual': 42.7, 'dual_hybrid': 37.5} (4s)
Algorithm <estimator.lwe_bkw.CodedBKW object at 0x16f82cec0> on LWEParameters(n=64, q=330527984395124299475957654016385519914202341482140609642324397637202895618155672912594605219857642423795606012511679152128, Xs=D(σ=0.82), Xe=D(σ=3.20), m=4096, tag=None) failed with cannot convert float infinity to integer
usvp                 :: rop: ≈2^40.4, red: ≈2^40.4, δ: 1.011142, β: 65, d: 66, tag: usvp
bdd                  :: rop: ≈2^37.7, red: ≈2^37.7, svp: ≈2^21.1, β: 40, η: 1, d: 65, tag: bdd
bdd_mitm_hybrid      :: rop: ≈2^43.0, red: ≈2^43.0, svp: ≈2^35.7, β: 40, η: 2, ζ: 20, |S|: ≈2^31.7, d: 980, prob: 0.993, ↻: 1, tag: hybrid
dual                 :: rop: ≈2^43.2, mem: 41, m: 1118, β: 40, d: 1182, ↻: 1, tag: dual
dual_hybrid          :: rop: ≈2^40.4, red: ≈2^40.4, guess: ≈2^25.3, β: 40, p: 2, ζ: 0, t: 10, β': 56, N: 1834.443, m: 64
SIGN_LWE rotk      h=64 logq=407 m=4096 min_bits=37.7 best_attack=bdd all={'arora-gb': inf, 'usvp': 40.4, 'bdd': 37.7, 'bdd_hybrid': 43.1, 'bdd_mitm_hybrid': 43.0, 'dual': 43.2, 'dual_hybrid': 40.4} (6s)
Algorithm <estimator.lwe_bkw.CodedBKW object at 0x16f82cec0> on LWEParameters(n=128, q=330527984395124299475957654016385519914202341482140609642324397637202895618155672912594605219857642423795606012511679152128, Xs=D(σ=0.82), Xe=D(σ=3.20), m=4096, tag=None) failed with cannot convert float infinity to integer
usvp                 :: rop: ≈2^39.6, red: ≈2^39.6, δ: 1.012950, β: 40, d: 131, tag: usvp
bdd                  :: rop: ≈2^39.6, red: ≈2^39.6, svp: ≈2^21.1, β: 40, η: 1, d: 130, tag: bdd
bdd_mitm_hybrid      :: rop: ≈2^43.7, red: ≈2^43.7, svp: ≈2^34.7, β: 40, η: 2, ζ: 17, |S|: ≈2^26.9, d: 1557, prob: 0.994, ↻: 1, tag: hybrid
dual                 :: rop: ≈2^43.8, mem: 41, m: 1544, β: 40, d: 1672, ↻: 1, tag: dual
dual_hybrid          :: rop: ≈2^41.8, red: ≈2^41.8, guess: ≈2^25.3, β: 40, p: 2, ζ: 0, t: 10, β': 61, N: 1834.443, m: 128
SIGN_LWE rotk      h=128 logq=407 m=4096 min_bits=39.6 best_attack=bdd all={'arora-gb': inf, 'usvp': 39.6, 'bdd': 39.6, 'bdd_hybrid': 43.7, 'bdd_mitm_hybrid': 43.7, 'dual': 43.8, 'dual_hybrid': 41.8} (3s)
Algorithm <estimator.lwe_bkw.CodedBKW object at 0x16f82cec0> on LWEParameters(n=192, q=330527984395124299475957654016385519914202341482140609642324397637202895618155672912594605219857642423795606012511679152128, Xs=D(σ=0.82), Xe=D(σ=3.20), m=4096, tag=None) failed with cannot convert float infinity to integer
usvp                 :: rop: ≈2^40.4, red: ≈2^40.4, δ: 1.012950, β: 40, d: 196, tag: usvp
bdd                  :: rop: ≈2^40.4, red: ≈2^40.4, svp: ≈2^21.1, β: 40, η: 1, d: 195, tag: bdd
dual                 :: rop: ≈2^44.1, mem: 41, m: 1855, β: 40, d: 2047, ↻: 1, tag: dual
dual_hybrid          :: rop: ≈2^42.5, red: ≈2^42.5, guess: ≈2^25.3, β: 40, p: 2, ζ: 0, t: 10, β': 63, N: 1834.443, m: 192
SIGN_LWE rotk      h=192 logq=407 m=4096 min_bits=40.4 best_attack=bdd all={'arora-gb': inf, 'usvp': 40.4, 'bdd': 40.4, 'bdd_hybrid': 44.0, 'bdd_mitm_hybrid': 44.1, 'dual': 44.1, 'dual_hybrid': 42.5} (6s)
Algorithm <estimator.lwe_bkw.CodedBKW object at 0x16f82cec0> on LWEParameters(n=256, q=330527984395124299475957654016385519914202341482140609642324397637202895618155672912594605219857642423795606012511679152128, Xs=D(σ=0.82), Xe=D(σ=3.20), m=4096, tag=None) failed with cannot convert float infinity to integer
usvp                 :: rop: ≈2^40.9, red: ≈2^40.9, δ: 1.012950, β: 40, d: 261, tag: usvp
bdd                  :: rop: ≈2^40.9, red: ≈2^40.9, svp: ≈2^21.1, β: 40, η: 1, d: 261, tag: bdd
bdd_mitm_hybrid      :: rop: ≈2^44.2, red: ≈2^44.2, svp: ≈2^33.4, β: 40, η: 2, ζ: 14, |S|: ≈2^22.2, d: 2298, prob: 0.997, ↻: 1, tag: hybrid
dual                 :: rop: ≈2^44.3, mem: 41, m: ≈2^11.0, β: 40, d: 2364, ↻: 1, tag: dual
dual_hybrid          :: rop: ≈2^43.0, red: ≈2^43.0, guess: ≈2^25.3, β: 40, p: 2, ζ: 0, t: 10, β': 65, N: 1834.443, m: 256
SIGN_LWE rotk      h=256 logq=407 m=4096 min_bits=40.9 best_attack=usvp all={'arora-gb': inf, 'usvp': 40.9, 'bdd': 40.9, 'bdd_hybrid': 44.3, 'bdd_mitm_hybrid': 44.2, 'dual': 44.3, 'dual_hybrid': 43.0} (5s)
Algorithm <estimator.lwe_bkw.CodedBKW object at 0x16f82cec0> on LWEParameters(n=512, q=330527984395124299475957654016385519914202341482140609642324397637202895618155672912594605219857642423795606012511679152128, Xs=D(σ=0.82), Xe=D(σ=3.20), m=4096, tag=None) failed with cannot convert float infinity to integer
usvp                 :: rop: ≈2^42.0, red: ≈2^42.0, δ: 1.012950, β: 40, d: 527, tag: usvp
bdd                  :: rop: ≈2^42.0, red: ≈2^42.0, svp: ≈2^21.3, β: 40, η: 1, d: 528, tag: bdd
bdd_mitm_hybrid      :: rop: ≈2^44.8, red: ≈2^44.8, svp: ≈2^34.5, β: 40, η: 2, ζ: 14, |S|: ≈2^22.2, d: 3297, prob: 0.997, ↻: 1, tag: hybrid
dual                 :: rop: ≈2^44.8, mem: 41, m: ≈2^11.5, β: 40, d: 3343, ↻: 1, tag: dual
dual_hybrid          :: rop: ≈2^44.0, red: ≈2^44.0, guess: ≈2^25.3, β: 40, p: 2, ζ: 0, t: 10, β': 68, N: 1834.443, m: 512
SIGN_LWE rotk      h=512 logq=407 m=4096 min_bits=42.0 best_attack=usvp all={'arora-gb': inf, 'usvp': 42.0, 'bdd': 42.0, 'bdd_hybrid': 44.8, 'bdd_mitm_hybrid': 44.8, 'dual': 44.8, 'dual_hybrid': 44.0} (9s)
Algorithm <estimator.lwe_bkw.CodedBKW object at 0x16f82cec0> on LWEParameters(n=768, q=330527984395124299475957654016385519914202341482140609642324397637202895618155672912594605219857642423795606012511679152128, Xs=D(σ=0.82), Xe=D(σ=3.20), m=4096, tag=None) failed with cannot convert float infinity to integer
usvp                 :: rop: ≈2^42.7, red: ≈2^42.7, δ: 1.012950, β: 40, d: 801, tag: usvp
bdd                  :: rop: ≈2^42.7, red: ≈2^42.7, svp: ≈2^35.2, β: 40, η: 46, d: 799, tag: bdd
bdd_mitm_hybrid      :: rop: ≈2^45.1, red: ≈2^45.1, svp: ≈2^35.1, β: 40, η: 2, ζ: 14, |S|: ≈2^22.2, d: 4057, prob: 0.997, ↻: 1, tag: hybrid
dual                 :: rop: ≈2^45.1, mem: 41, m: ≈2^11.7, β: 40, d: 4094, ↻: 1, tag: dual
dual_hybrid          :: rop: ≈2^44.6, red: ≈2^44.6, guess: ≈2^25.3, β: 40, p: 2, ζ: 0, t: 10, β': 70, N: 1834.443, m: 768
SIGN_LWE rotk      h=768 logq=407 m=4096 min_bits=42.7 best_attack=usvp all={'arora-gb': inf, 'usvp': 42.7, 'bdd': 42.7, 'bdd_hybrid': 45.1, 'bdd_mitm_hybrid': 45.1, 'dual': 45.1, 'dual_hybrid': 44.6} (14s)
Algorithm <estimator.lwe_bkw.CodedBKW object at 0x16f82cec0> on LWEParameters(n=1024, q=330527984395124299475957654016385519914202341482140609642324397637202895618155672912594605219857642423795606012511679152128, Xs=D(σ=0.82), Xe=D(σ=3.20), m=4096, tag=None) failed with cannot convert float infinity to integer
usvp                 :: rop: ≈2^43.1, red: ≈2^43.1, δ: 1.012950, β: 40, d: 1081, tag: usvp
bdd                  :: rop: ≈2^43.1, red: ≈2^43.1, svp: ≈2^21.4, β: 40, η: 2, d: 1084, tag: bdd
bdd_mitm_hybrid      :: rop: ≈2^45.3, red: ≈2^45.3, svp: ≈2^34.7, β: 40, η: 2, ζ: 13, |S|: ≈2^20.6, d: 4697, prob: 0.995, ↻: 1, tag: hybrid
dual                 :: rop: ≈2^45.3, mem: 41, m: ≈2^11.9, β: 40, d: 4727, ↻: 1, tag: dual
dual_hybrid          :: rop: ≈2^45.1, red: ≈2^45.1, guess: ≈2^25.3, β: 40, p: 2, ζ: 0, t: 10, β': 72, N: 1834.443, m: 1024
SIGN_LWE rotk      h=1024 logq=407 m=4096 min_bits=43.1 best_attack=usvp all={'arora-gb': inf, 'usvp': 43.1, 'bdd': 43.1, 'bdd_hybrid': 45.3, 'bdd_mitm_hybrid': 45.3, 'dual': 45.3, 'dual_hybrid': 45.1} (20s)
sign-LWE hardness: literature bootstrapping parameters (h, log q, m)
Algorithm <estimator.lwe_bkw.CodedBKW object at 0x16f82cec0> on LWEParameters(n=192, q=2468159925167137370706039404572993651621983485896385486192307240002823568990006477485143064685922354855371536671629316902771114986286037324768883699600153243090138459526784230165280847787705855669089836172685127738979682158494309488088460413029896156157763216734515893892580715808376246693677223903012731259257824367842910149687533579840264652882513497959322617564049698280086150329871425336190336186634758396920666008274914316826463564186862578541572874587460337664, Xs=D(σ=0.82), Xe=D(σ=3.20), m=65536, tag=None) failed with int too large to convert to float
usvp                 :: rop: ≈2^40.4, red: ≈2^40.4, δ: 1.012950, β: 40, d: 194, tag: usvp
bdd                  :: rop: ≈2^40.3, red: ≈2^40.3, svp: ≈2^21.1, β: 40, η: 1, d: 193, tag: bdd
dual                 :: rop: ≈2^45.0, mem: 41, m: ≈2^11.9, β: 40, d: 3997, ↻: 1, tag: dual
dual_hybrid          :: rop: ≈2^42.5, red: ≈2^42.5, guess: ≈2^25.3, β: 40, p: 2, ζ: 0, t: 10, β': 63, N: 1834.443, m: 192
SIGN_LWE boot      h=192 logq=1546 m=65536 min_bits=40.3 best_attack=bdd all={'arora-gb': inf, 'usvp': 40.4, 'bdd': 40.3, 'bdd_hybrid': 45.0, 'bdd_mitm_hybrid': 45.0, 'dual': 45.0, 'dual_hybrid': 42.5} (12s)
Algorithm <estimator.lwe_bkw.CodedBKW object at 0x16f82cec0> on LWEParameters(n=192, q=1552518092300708935148979488462502555256886017116696611139052038026050952686376886330878408828646477950487730697131073206171580044114814391444287275041181139204454976020849905550265285631598444825262999193716468750892846853816057856, Xs=D(σ=0.82), Xe=D(σ=3.20), m=32768, tag=None) failed with Calling ceil() on infinity or NaN
usvp                 :: rop: ≈2^40.4, red: ≈2^40.4, δ: 1.012950, β: 40, d: 195, tag: usvp
bdd                  :: rop: ≈2^40.4, red: ≈2^40.4, svp: ≈2^21.1, β: 40, η: 1, d: 194, tag: bdd
dual                 :: rop: ≈2^44.5, mem: 41, m: ≈2^11.4, β: 40, d: 2815, ↻: 1, tag: dual
dual_hybrid          :: rop: ≈2^42.5, red: ≈2^42.5, guess: ≈2^25.3, β: 40, p: 2, ζ: 0, t: 10, β': 63, N: 1834.443, m: 192
SIGN_LWE boot      h=192 logq=768 m=32768 min_bits=40.4 best_attack=bdd all={'arora-gb': inf, 'usvp': 40.4, 'bdd': 40.4, 'bdd_hybrid': 44.5, 'bdd_mitm_hybrid': 44.5, 'dual': 44.5, 'dual_hybrid': 42.5} (7s)
