=== Lattigo wire-format reaction attack (Algorithm 1) ===
logN=15  logDelta=25  secret=ternary-p0.333333
N=32768  logQ=282.9999229503028  LogDefaultScale=25  levels=6  logSlots=14
Secret hamming weight = 10920 / 32768
relinearization key in evaluator: true
Step1 verify: coeffs within 2^20 of Delta*s: 32768 / 32768   max dev = 2^3.91
C2S done in 0.48s  ctReal.Level=1 ctImag.Level=1  scale=2^25.00
  C2S slot 0:  real=+0.0000 exp s_0=+0   imag=-0.9999 exp s_16384=-1
  C2S slot 1:  real=+0.0000 exp s_1=+0   imag=+0.0001 exp s_16385=+0
  C2S slot 2:  real=-0.0001 exp s_2=-1   imag=-0.0004 exp s_16386=-1
  C2S slot 3:  real=+0.9998 exp s_3=+0   imag=+0.0007 exp s_16387=+0
  C2S slot 4:  real=-0.0001 exp s_4=+1   imag=-0.9999 exp s_16388=+0
  C2S slot 5:  real=-0.9996 exp s_5=+1   imag=+0.0004 exp s_16389=+0
  C2S verify: 16522 / 32768 slot values within 0.4 of expected
EMPIRICAL_BC2S max_slot_residual=1.834e-03 std_slot_residual=2.610e-04 scale=2^25.00  poly_max=2^15.91  poly_std=2^13.10  paper_bound=2^18

=== Result ===
Recovered (coeff): 32768 / 32768  (100.00%)
Recovered (slot, no perm): 16522 / 32768  (50.42%)
queries=43688  ratio=1.333  attack-wall=29m49.6905115s
SUMMARY secret=ternary-p0.333333 logn=15 logd=25 N=32768 hw=10920 correct=32768 queries=43688 ratio=1.3333 wall_seconds=1789.6905
