=== Lattigo wire-format reaction attack (Algorithm 1) ===
logN=16  logDelta=30  secret=ternary-p0.333333
N=65536  logQ=305.00000000573135  LogDefaultScale=30  levels=6  logSlots=15
Secret hamming weight = 21762 / 65536
relinearization key in evaluator: true
Step1 verify: coeffs within 2^20 of Delta*s: 65536 / 65536   max dev = 2^4.00
C2S done in 1.16s  ctReal.Level=1 ctImag.Level=1  scale=2^30.00
  C2S slot 0:  real=+0.0000 exp s_0=+0   imag=-1.0000 exp s_32768=-1
  C2S slot 1:  real=-0.0000 exp s_1=+1   imag=+0.0000 exp s_32769=+0
  C2S slot 2:  real=-1.0000 exp s_2=+0   imag=-0.0000 exp s_32770=-1
  C2S slot 3:  real=+1.0000 exp s_3=+1   imag=-0.0000 exp s_32771=+0
  C2S slot 4:  real=-0.0000 exp s_4=+1   imag=+0.0000 exp s_32772=+0
  C2S slot 5:  real=+0.0000 exp s_5=+1   imag=-1.0000 exp s_32773=+0
  C2S verify: 32974 / 65536 slot values within 0.4 of expected
EMPIRICAL_BC2S max_slot_residual=1.312e-04 std_slot_residual=1.630e-05 scale=2^30.00  poly_max=2^17.10  poly_std=2^14.10  paper_bound=2^18

=== Result ===
Recovered (coeff): 65536 / 65536  (100.00%)
Recovered (slot, no perm): 32974 / 65536  (50.31%)
queries=87298  ratio=1.332  attack-wall=1h59m30.994611919s
SUMMARY secret=ternary-p0.333333 logn=16 logd=30 N=65536 hw=21762 correct=65536 queries=87298 ratio=1.3321 wall_seconds=7170.9946
