=== Lattigo wire-format reaction attack (Algorithm 1) ===
logN=12  logDelta=30  secret=ternary-p0.666667
N=4096  logQ=285.00000068828734  LogDefaultScale=30  levels=6  logSlots=11
Secret hamming weight = 2750 / 4096
relinearization key in evaluator: true
Step1 verify: coeffs within 2^20 of Delta*s: 4096 / 4096   max dev = 2^3.70
C2S done in 0.03s  ctReal.Level=1 ctImag.Level=1  scale=2^30.00
  C2S slot 0:  real=+1.0000 exp s_0=+1   imag=+0.0000 exp s_2048=+0
  C2S slot 1:  real=+0.0000 exp s_1024=+0   imag=+1.0000 exp s_3072=+1
  C2S slot 2:  real=+1.0000 exp s_512=+1   imag=+0.0000 exp s_2560=+0
  C2S slot 3:  real=-1.0000 exp s_1536=-1   imag=-1.0000 exp s_3584=-1
  C2S slot 4:  real=-1.0000 exp s_256=-1   imag=-1.0000 exp s_2304=-1
  C2S slot 5:  real=+1.0000 exp s_1280=+1   imag=+1.0000 exp s_3328=+1
  C2S verify: 4096 / 4096 slot values within 0.4 of expected
EMPIRICAL_BC2S max_slot_residual=7.091e-06 std_slot_residual=1.453e-06 scale=2^30.00  poly_max=2^12.89  poly_std=2^10.61  paper_bound=2^18

=== Result ===
Recovered (coeff): 4096 / 4096  (100.00%)
Recovered (slot, no perm): 1382 / 4096  (33.74%)
queries=6846  ratio=1.671  attack-wall=30.120387624s
SUMMARY secret=ternary-p0.666667 logn=12 logd=30 N=4096 hw=2750 correct=4096 queries=6846 ratio=1.6714 wall_seconds=30.1204
