=== Lattigo wire-format reaction attack (Algorithm 1) ===
logN=12  logDelta=32  secret=ternary-p0.666667
N=4096  logQ=287.00000060226455  LogDefaultScale=32  levels=6  logSlots=11
Secret hamming weight = 2769 / 4096
relinearization key in evaluator: true
Step1 verify: coeffs within 2^20 of Delta*s: 4096 / 4096   max dev = 2^3.70
C2S done in 0.03s  ctReal.Level=1 ctImag.Level=1  scale=2^32.00
  C2S slot 0:  real=+1.0000 exp s_0=+1   imag=+1.0000 exp s_2048=+1
  C2S slot 1:  real=+1.0000 exp s_1024=+1   imag=-1.0000 exp s_3072=-1
  C2S slot 2:  real=+0.0000 exp s_512=+0   imag=+0.0000 exp s_2560=+0
  C2S slot 3:  real=-0.0000 exp s_1536=+0   imag=-1.0000 exp s_3584=-1
  C2S slot 4:  real=-0.0000 exp s_256=+0   imag=-1.0000 exp s_2304=-1
  C2S slot 5:  real=+1.0000 exp s_1280=+1   imag=-0.0000 exp s_3328=+0
  C2S verify: 4096 / 4096 slot values within 0.4 of expected
EMPIRICAL_BC2S max_slot_residual=2.388e-06 std_slot_residual=3.724e-07 scale=2^32.00  poly_max=2^13.32  poly_std=2^10.64  paper_bound=2^18

=== Result ===
Recovered (coeff): 4096 / 4096  (100.00%)
Recovered (slot, no perm): 1374 / 4096  (33.54%)
queries=6865  ratio=1.676  attack-wall=30.204610518s
SUMMARY secret=ternary-p0.666667 logn=12 logd=32 N=4096 hw=2769 correct=4096 queries=6865 ratio=1.6760 wall_seconds=30.2046
